Microchip MPLAB XC8 Compiler V2.50

Linker command line:

-W-3 \
  --edf=C:\Program Files\Microchip\xc8\v2.50\pic\dat\20240725155939_en.msgs \
  -cn -h+dist/default/debug\Interface_Projects.debug.sym \
  --cmf=dist/default/debug\Interface_Projects.debug.cmf -z -Q18F4620 \
  -oC:\Users\IBRAHI~1\AppData\Local\Temp\xcAsgq4.\driver_tmp_3.o \
  --defsym=__MPLAB_BUILD=1 --fixupoverflow=error \
  -Mdist/default/debug/Interface_Projects.debug.map \
  --md=C:\Users\IBRAHI~1\AppData\Local\Temp\xcAsgq4.\driver_tmp_0.dat -E1 \
  -ver=XC8 Compiler --acfsm=1493 -ACODE=00h-0FFFFh -ACONST=00h-0FFFFh \
  -ASMALLCONST=01000h-010FFhx240 -AMEDIUMCONST=01000h-0FFFFh \
  -ACOMRAM=01h-07Fh -AABS1=00h-0F7Fh -ABIGRAM=01h-0F7Fh \
  -ARAM=080h-0FFh,0100h-01FFhx14,0F00h-0F7Fh -ABANK0=080h-0FFh \
  -ABANK1=0100h-01FFh -ABANK2=0200h-02FFh -ABANK3=0300h-03FFh \
  -ABANK4=0400h-04FFh -ABANK5=0500h-05FFh -ABANK6=0600h-06FFh \
  -ABANK7=0700h-07FFh -ABANK8=0800h-08FFh -ABANK9=0900h-09FFh \
  -ABANK10=0A00h-0AFFh -ABANK11=0B00h-0BFFh -ABANK12=0C00h-0CFFh \
  -ABANK13=0D00h-0DFFh -ABANK14=0E00h-0EFFh -ABANK15=0F00h-0F7Fh \
  -ASFR=0F80h-0FFFh -ABIGSFR=0F80h-0FFFh -ACONFIG=0300000h-030000Dh \
  -AIDLOC=0200000h-0200007h -AEEDATA=0F00000h-0F003FFh -peeprom_data=EEDATA \
  -preset_vec=00h,intcode=8h,intcodelo,powerup,init -pramtop=01000h \
  -psmallconst=SMALLCONST -pmediumconst=MEDIUMCONST -pconst=CONST \
  -AFARRAM=00h-00h \
  -prdata=COMRAM,nvrram=COMRAM,nvbit=COMRAM,rbss=COMRAM,rbit=COMRAM \
  -pfarbss=FARRAM,fardata=FARRAM,nvFARRAM=FARRAM \
  -pintsave_regs=BIGRAM,bigbss=BIGRAM,bigdata=BIGRAM -pbss=RAM \
  -pidata=CODE,irdata=CODE,ibigdata=CODE,ifardata=CODE -prparam=COMRAM \
  C:\Users\IBRAHI~1\AppData\Local\Temp\xcAsgq4.\driver_tmp_9.o \
  dist/default/debug\Interface_Projects.debug.o 

Object code version is 3.11

Machine type is 18F4620



                Name                               Link     Load   Length Selector   Space Scale
C:\Users\IBRAHI~1\AppData\Local\Temp\xcAsgq4.\driver_tmp_9.o
                config                           300000   300000        E        0       4
                init                                  E        E        4        4       0
                reset_vec                             0        0        4        0       0
dist/default/debug\Interface_Projects.debug.o
                intcode                               8        8        6        4       0
                config                           300000   300000        E        0       4
                temp                                 6C       6C        1        1       1
                smallconst                         1000     1000       16      800       0
                text20                             18EE     18EE        4      80B       0
                text19                             18EA     18EA        4      80B       0
                text18                             18E6     18E6        4      80B       0
                text17                             184A     184A       2C      80B       0
                text16                             181E     181E       2C      80B       0
                text15                             17F2     17F2       2C      80B       0
                text14                             17C6     17C6       2C      80B       0
                intcode_body                       1016     1016      1CA      80B       0
                text12                             11E0     11E0      110      80B       0
                text11                             12F0     12F0      10E      80B       0
                text10                             1658     1658       5C      80B       0
                text9                              189A     189A       24      80B       0
                text8                              170E     170E       50      80B       0
                text7                              16B4     16B4       5A      80B       0
                text6                              14F4     14F4       F6      80B       0
                text5                              1876     1876       24      80B       0
                text4                              15EA     15EA       6E      80B       0
                text3                              13FE     13FE       F6      80B       0
                text2                              18BE     18BE       16      80B       0
                text1                              18E0     18E0        6      80B       0
                text0                              18D4     18D4        C      80B       0
                cstackCOMRAM                         56       56       16        1       1
                dataCOMRAM                            1        1       32        1       1
                bssCOMRAM                            33       33       23        1       1
                cinit                              175E     175E       36      80B       0
                idataCOMRAM                        1794     1794       32      80B       0

TOTAL           Name                               Link     Load   Length     Space
        CLASS   CODE           
                intcode                               8        8        6         0
                init                                  E        E        4         0
                reset_vec                             0        0        4         0
                text20                             18EE     18EE        4         0
                text19                             18EA     18EA        4         0
                text18                             18E6     18E6        4         0
                text17                             184A     184A       2C         0
                text16                             181E     181E       2C         0
                text15                             17F2     17F2       2C         0
                text14                             17C6     17C6       2C         0
                intcode_body                       1016     1016      1CA         0
                text12                             11E0     11E0      110         0
                text11                             12F0     12F0      10E         0
                text10                             1658     1658       5C         0
                text9                              189A     189A       24         0
                text8                              170E     170E       50         0
                text7                              16B4     16B4       5A         0
                text6                              14F4     14F4       F6         0
                text5                              1876     1876       24         0
                text4                              15EA     15EA       6E         0
                text3                              13FE     13FE       F6         0
                text2                              18BE     18BE       16         0
                text1                              18E0     18E0        6         0
                text0                              18D4     18D4        C         0
                cinit                              175E     175E       36         0
                idataCOMRAM                        1794     1794       32         0

        CLASS   CONST          

        CLASS   SMALLCONST     
                smallconst                         1000     1000       16         0

        CLASS   MEDIUMCONST    

        CLASS   COMRAM         
                temp                                 6C       6C        1         1
                cstackCOMRAM                         56       56       16         1
                dataCOMRAM                            1        1       32         1
                bssCOMRAM                            33       33       23         1

        CLASS   ABS1           

        CLASS   BIGRAM         

        CLASS   RAM            

        CLASS   BANK0          

        CLASS   BANK1          

        CLASS   BANK2          

        CLASS   BANK3          

        CLASS   BANK4          

        CLASS   BANK5          

        CLASS   BANK6          

        CLASS   BANK7          

        CLASS   BANK8          

        CLASS   BANK9          

        CLASS   BANK10         

        CLASS   BANK11         

        CLASS   BANK12         

        CLASS   BANK13         

        CLASS   BANK14         

        CLASS   BANK15         

        CLASS   SFR            

        CLASS   BIGSFR         

        CLASS   CONFIG         
                config                           300000   300000        E         4

        CLASS   IDLOC          

        CLASS   EEDATA         

        CLASS   FARRAM         

        CLASS   HEAP           

        CLASS   STACK          



SEGMENTS        Name                           Load    Length   Top    Selector   Space  Class

                reset_vec                      000000  000004  000004         0       0  CODE    
                dataCOMRAM                     000001  00006C  00006D         1       1  COMRAM  
                intcode                        000008  00000A  000012         4       0  CODE    
                smallconst                     001000  000016  001016       800       0  SMALLCON
                intcode_body                   001016  0008DC  0018F2       80B       0  CODE    


UNUSED ADDRESS RANGES

        Name                Unused          Largest block    Delta
        BANK0            000080-0000FF               80
        BANK1            000100-0001FF              100
        BANK10           000A00-000AFF              100
        BANK11           000B00-000BFF              100
        BANK12           000C00-000CFF              100
        BANK13           000D00-000DFF              100
        BANK14           000E00-000EFF              100
        BANK15           000F00-000F7F               80
        BANK2            000200-0002FF              100
        BANK3            000300-0003FF              100
        BANK4            000400-0004FF              100
        BANK5            000500-0005FF              100
        BANK6            000600-0006FF              100
        BANK7            000700-0007FF              100
        BANK8            000800-0008FF              100
        BANK9            000900-0009FF              100
        BIGRAM           00006D-000F7F              F13
        BIGSFR           000F80-000FFF               80
        CODE             000004-000007                4
                         000012-000FFF              FEE
                         0018F2-00FFFF             E70E
        COMRAM           00006D-00007F               13
        CONST            000004-000007                4
                         000012-000FFF              FEE
                         0018F2-00FFFF             E70E
        EEDATA           F00000-F003FF              400
        IDLOC            200000-200007                8
        MEDIUMCONST      0018F2-00FFFF             E70E
        RAM              000080-000F7F              100
        SFR              000F80-000FFF               80
        SMALLCONST       0018F2-00FFFF              100

                                  Symbol Table

RB4_ISR@source                           cstackCOMRAM 000056
RB5_ISR@source                           cstackCOMRAM 000056
RB6_ISR@source                           cstackCOMRAM 000056
RB7_ISR@source                           cstackCOMRAM 000056
_EEADR                                   (abs)        000FA9
_EEADRH                                  (abs)        000FAA
_INT0_ISR                                text20       0018EE
_INT0_InterruptHandler                   bssCOMRAM    00004D
_INT1_ISR                                text19       0018EA
_INT1_InterruptHandler                   bssCOMRAM    00004B
_INT2_ISR                                text18       0018E6
_INT2_InterruptHandler                   bssCOMRAM    000049
_INTCON2bits                             (abs)        000FF1
_INTCON3bits                             (abs)        000FF0
_INTCONbits                              (abs)        000FF2
_InterruptMangaerHigh                    intcode      000008
_PORTBbits                               (abs)        000F81
_RB4_Flag                                dataCOMRAM   000022
_RB4_ISR                                 text17       00184A
_RB4_InterruptHandler_HIGH               bssCOMRAM    000047
_RB4_InterruptHandler_LOW                bssCOMRAM    000045
_RB5_Flag                                dataCOMRAM   000021
_RB5_ISR                                 text16       00181E
_RB5_InterruptHandler_HIGH               bssCOMRAM    000043
_RB5_InterruptHandler_LOW                bssCOMRAM    000041
_RB6_Flag                                dataCOMRAM   000020
_RB6_ISR                                 text15       0017F2
_RB6_InterruptHandler_HIGH               bssCOMRAM    00003F
_RB6_InterruptHandler_LOW                bssCOMRAM    00003D
_RB7_Flag                                dataCOMRAM   00001F
_RB7_ISR                                 text14       0017C6
_RB7_InterruptHandler_HIGH               bssCOMRAM    00003B
_RB7_InterruptHandler_LOW                bssCOMRAM    000039
__HRAM                                   (abs)        000000
__H__absolute__                          __absolute__ 000000
__Habs1                                  abs1         000000
__Hbank0                                 bank0        000000
__Hbank1                                 bank1        000000
__Hbank10                                bank10       000000
__Hbank11                                bank11       000000
__Hbank12                                bank12       000000
__Hbank13                                bank13       000000
__Hbank14                                bank14       000000
__Hbank15                                bank15       000000
__Hbank2                                 bank2        000000
__Hbank3                                 bank3        000000
__Hbank4                                 bank4        000000
__Hbank5                                 bank5        000000
__Hbank6                                 bank6        000000
__Hbank7                                 bank7        000000
__Hbank8                                 bank8        000000
__Hbank9                                 bank9        000000
__Hbigbss                                bigbss       000000
__Hbigdata                               bigdata      000000
__Hbigram                                bigram       000000
__Hbigsfr                                bigsfr       000000
__Hbss                                   bss          000000
__HbssCOMRAM                             bssCOMRAM    000000
__Hcinit                                 cinit        000000
__Hclrtext                               clrtext      000000
__Hcomram                                comram       000000
__Hconfig                                config       30000E
__Hconst                                 const        000000
__HcstackCOMRAM                          cstackCOMRAM 000000
__Hdata                                  data         000000
__HdataCOMRAM                            dataCOMRAM   000000
__Heeprom_data                           eeprom_data  000000
__Hfarbss                                farbss       000000
__Hfardata                               fardata      000000
__Hheap                                  heap         000000
__Hibigdata                              ibigdata     000000
__Hidata                                 idata        000000
__HidataCOMRAM                           idataCOMRAM  000000
__Hidloc                                 idloc        000000
__Hifardata                              ifardata     000000
__Hinit                                  init         000012
__Hintcode                               intcode      00000E
__Hintcode_body                          intcode_body 000000
__Hintcodelo                             intcodelo    00000E
__Hintentry                              intentry     000000
__Hintret                                intret       000000
__Hintsave_regs                          intsave_regs 000000
__Hirdata                                irdata       000000
__Hmediumconst                           mediumconst  000000
__HnvFARRAM                              nvFARRAM     000000
__Hnvbit                                 nvbit        000000
__Hnvrram                                nvrram       000000
__Hparam                                 rparam       000000
__Hpowerup                               powerup      00000E
__Hram                                   ram          000000
__Hramtop                                ramtop       001000
__Hrbit                                  rbit         000000
__Hrbss                                  rbss         000000
__Hrdata                                 rdata        000000
__Hreset_vec                             reset_vec    000004
__Hrparam                                rparam       000000
__Hsfr                                   sfr          000000
__Hsivt_hi                               sivt_hi      000000
__Hsivt_lo                               sivt_lo      000000
__Hsmallconst                            smallconst   001016
__Hspace_0                               (abs)        0018F2
__Hspace_1                               (abs)        00006D
__Hspace_2                               (abs)        000000
__Hspace_4                               (abs)        60000E
__Hstack                                 stack        000000
__Hstruct                                struct       000000
__Htemp                                  temp         00006D
__Htext                                  text         000000
__Htext0                                 text0        000000
__Htext1                                 text1        000000
__Htext10                                text10       000000
__Htext11                                text11       000000
__Htext12                                text12       000000
__Htext14                                text14       000000
__Htext15                                text15       000000
__Htext16                                text16       000000
__Htext17                                text17       000000
__Htext18                                text18       000000
__Htext19                                text19       000000
__Htext2                                 text2        000000
__Htext20                                text20       000000
__Htext3                                 text3        000000
__Htext4                                 text4        000000
__Htext5                                 text5        000000
__Htext6                                 text6        000000
__Htext7                                 text7        000000
__Htext8                                 text8        000000
__Htext9                                 text9        000000
__LRAM                                   (abs)        000001
__L__absolute__                          __absolute__ 000000
__Labs1                                  abs1         000000
__Lbank0                                 bank0        000000
__Lbank1                                 bank1        000000
__Lbank10                                bank10       000000
__Lbank11                                bank11       000000
__Lbank12                                bank12       000000
__Lbank13                                bank13       000000
__Lbank14                                bank14       000000
__Lbank15                                bank15       000000
__Lbank2                                 bank2        000000
__Lbank3                                 bank3        000000
__Lbank4                                 bank4        000000
__Lbank5                                 bank5        000000
__Lbank6                                 bank6        000000
__Lbank7                                 bank7        000000
__Lbank8                                 bank8        000000
__Lbank9                                 bank9        000000
__Lbigbss                                bigbss       000000
__Lbigdata                               bigdata      000000
__Lbigram                                bigram       000000
__Lbigsfr                                bigsfr       000000
__Lbss                                   bss          000000
__LbssCOMRAM                             bssCOMRAM    000000
__Lcinit                                 cinit        000000
__Lclrtext                               clrtext      000000
__Lcomram                                comram       000000
__Lconfig                                config       000000
__Lconst                                 const        000000
__LcstackCOMRAM                          cstackCOMRAM 000000
__Ldata                                  data         000000
__LdataCOMRAM                            dataCOMRAM   000000
__Leeprom_data                           eeprom_data  000000
__Lfarbss                                farbss       000000
__Lfardata                               fardata      000000
__Lheap                                  heap         000000
__Libigdata                              ibigdata     000000
__Lidata                                 idata        000000
__LidataCOMRAM                           idataCOMRAM  000000
__Lidloc                                 idloc        000000
__Lifardata                              ifardata     000000
__Linit                                  init         00000E
__Lintcode                               intcode      000008
__Lintcode_body                          intcode_body 000000
__Lintcodelo                             intcodelo    00000E
__Lintentry                              intentry     000000
__Lintret                                intret       000000
__Lintsave_regs                          intsave_regs 000000
__Lirdata                                irdata       000000
__Lmediumconst                           mediumconst  000000
__LnvFARRAM                              nvFARRAM     000000
__Lnvbit                                 nvbit        000000
__Lnvrram                                nvrram       000000
__Lparam                                 rparam       000000
__Lpowerup                               powerup      00000E
__Lram                                   ram          000000
__Lramtop                                ramtop       001000
__Lrbit                                  rbit         000000
__Lrbss                                  rbss         000000
__Lrdata                                 rdata        000000
__Lreset_vec                             reset_vec    000000
__Lrparam                                rparam       000000
__Lsfr                                   sfr          000000
__Lsivt_hi                               sivt_hi      000000
__Lsivt_lo                               sivt_lo      000000
__Lsmallconst                            smallconst   001000
__Lspace_0                               (abs)        000000
__Lspace_1                               (abs)        000000
__Lspace_2                               (abs)        000000
__Lspace_4                               (abs)        000000
__Lstack                                 stack        000000
__Lstruct                                struct       000000
__Ltemp                                  temp         00006C
__Ltext                                  text         000000
__Ltext0                                 text0        000000
__Ltext1                                 text1        000000
__Ltext10                                text10       000000
__Ltext11                                text11       000000
__Ltext12                                text12       000000
__Ltext14                                text14       000000
__Ltext15                                text15       000000
__Ltext16                                text16       000000
__Ltext17                                text17       000000
__Ltext18                                text18       000000
__Ltext19                                text19       000000
__Ltext2                                 text2        000000
__Ltext20                                text20       000000
__Ltext3                                 text3        000000
__Ltext4                                 text4        000000
__Ltext5                                 text5        000000
__Ltext6                                 text6        000000
__Ltext7                                 text7        000000
__Ltext8                                 text8        000000
__Ltext9                                 text9        000000
__S0                                     (abs)        0018F2
__S1                                     (abs)        00006D
__S4                                     (abs)        000000
__S5                                     (abs)        000000
___heap_hi                               (abs)        000000
___heap_lo                               (abs)        000000
___inthi_sp                              stack        000000
___inthi_stack_hi                        stack        000000
___inthi_stack_lo                        stack        000000
___intlo_sp                              stack        000000
___intlo_stack_hi                        stack        000000
___intlo_stack_lo                        stack        000000
___param_bank                            (abs)        000000
___rparam_used                           (abs)        000001
___sp                                    stack        000000
___stack_hi                              stack        000000
___stack_lo                              stack        000000
__accesstop                              (abs)        000080
__activetblptr                           (abs)        000003
__end_of_INT0_ISR                        text20       0018F2
__end_of_INT1_ISR                        text19       0018EE
__end_of_INT2_ISR                        text18       0018EA
__end_of_InterruptMangaerHigh            intcode_body 0011E0
__end_of_RB4_ISR                         text17       001876
__end_of_RB5_ISR                         text16       00184A
__end_of_RB6_ISR                         text15       00181E
__end_of_RB7_ISR                         text14       0017F2
__end_of__initialization                 cinit        00178A
__end_of_application_initializetion      text1        0018E6
__end_of_btn_vlaues                      smallconst   001011
__end_of_ecu_layer_initialize            text2        0018D4
__end_of_gpio_pin_direction_intialize    text12       0012F0
__end_of_gpio_pin_intialize              text10       0016B4
__end_of_gpio_pin_write_logic            text11       0013FE
__end_of_lcd_4bit_initialize             text6        0015EA
__end_of_lcd_4bit_send_command           text7        00170E
__end_of_lcd_4bits_send_enable_segnal    text9        0018BE
__end_of_lcd_8bit_initialize             text3        0014F4
__end_of_lcd_8bit_send_command           text4        001658
__end_of_lcd_8bits_send_enable_segnal    text5        00189A
__end_of_lcd_send_4bits                  text8        00175E
__end_of_main                            text0        0018E0
__initialization                         cinit        00175E
__mediumconst                            mediumconst  000000
__pbssCOMRAM                             bssCOMRAM    000033
__pcinit                                 cinit        00175E
__pcstackCOMRAM                          cstackCOMRAM 000056
__pdataCOMRAM                            dataCOMRAM   000001
__pidataCOMRAM                           idataCOMRAM  001794
__pintcode                               intcode      000008
__pintcode_body                          intcode_body 001016
__psmallconst                            smallconst   001000
__ptext0                                 text0        0018D4
__ptext1                                 text1        0018E0
__ptext10                                text10       001658
__ptext11                                text11       0012F0
__ptext12                                text12       0011E0
__ptext14                                text14       0017C6
__ptext15                                text15       0017F2
__ptext16                                text16       00181E
__ptext17                                text17       00184A
__ptext18                                text18       0018E6
__ptext19                                text19       0018EA
__ptext2                                 text2        0018BE
__ptext20                                text20       0018EE
__ptext3                                 text3        0013FE
__ptext4                                 text4        0015EA
__ptext5                                 text5        001876
__ptext6                                 text6        0014F4
__ptext7                                 text7        0016B4
__ptext8                                 text8        00170E
__ptext9                                 text9        00189A
__ramtop                                 ramtop       001000
__smallconst                             smallconst   001000
_application_initializetion              text1        0018E0
_btn_vlaues                              smallconst   001001
_ecu_layer_initialize                    text2        0018BE
_gpio_pin_direction_intialize            text12       0011E0
_gpio_pin_intialize                      text10       001658
_gpio_pin_write_logic                    text11       0012F0
_lat_registers                           dataCOMRAM   00000B
_lcd_1                                   dataCOMRAM   00002D
_lcd_2                                   dataCOMRAM   000023
_lcd_4bit_initialize                     text6        0014F4
_lcd_4bit_send_command                   text7        0016B4
_lcd_4bits_send_enable_segnal            text9        00189A
_lcd_8bit_initialize                     text3        0013FE
_lcd_8bit_send_command                   text4        0015EA
_lcd_8bits_send_enable_segnal            text5        001876
_lcd_send_4bits                          text8        00170E
_main                                    text0        0018D4
_port_registers                          dataCOMRAM   000001
_tris_registers                          dataCOMRAM   000015
btemp                                    temp         00006C
ecu_layer_initialize@ret                 cstackCOMRAM 00006B
end_of_initialization                    cinit        00178A
gpio_pin_direction_intialize@_pin_config cstackCOMRAM 000057
gpio_pin_direction_intialize@ret         cstackCOMRAM 00005D
gpio_pin_intialize@_pin_config           cstackCOMRAM 00005F
gpio_pin_intialize@ret                   cstackCOMRAM 000061
gpio_pin_write_logic@_pin_config         cstackCOMRAM 000057
gpio_pin_write_logic@logic               cstackCOMRAM 000058
gpio_pin_write_logic@ret                 cstackCOMRAM 00005E
int$flags                                temp         00006C
int_func                                 intcode_body 001016
intlevel0                                text         000000
intlevel1                                text         000000
intlevel2                                text         000000
intlevel3                                text         000000
isa$std                                  (abs)        000001
isa$xinst                                (abs)        000000
lcd_4bit_initialize@l_data_pins_counter  cstackCOMRAM 000067
lcd_4bit_initialize@lcd                  cstackCOMRAM 000065
lcd_4bit_initialize@ret                  cstackCOMRAM 000068
lcd_4bit_send_command@command            cstackCOMRAM 000063
lcd_4bit_send_command@lcd                cstackCOMRAM 000062
lcd_4bit_send_command@ret                cstackCOMRAM 000064
lcd_4bits_send_enable_segnal@lcd         cstackCOMRAM 00005F
lcd_4bits_send_enable_segnal@ret         cstackCOMRAM 000060
lcd_8bit_initialize@l_data_pins_counter  cstackCOMRAM 000069
lcd_8bit_initialize@lcd                  cstackCOMRAM 000067
lcd_8bit_initialize@ret                  cstackCOMRAM 00006A
lcd_8bit_send_command@command            cstackCOMRAM 000062
lcd_8bit_send_command@l_pin_counter      cstackCOMRAM 000066
lcd_8bit_send_command@lcd                cstackCOMRAM 000061
lcd_8bit_send_command@ret                cstackCOMRAM 000065
lcd_8bits_send_enable_segnal@lcd         cstackCOMRAM 00005F
lcd_8bits_send_enable_segnal@ret         cstackCOMRAM 000060
lcd_send_4bits@_data_command             cstackCOMRAM 000060
lcd_send_4bits@lcd                       cstackCOMRAM 00005F
lcd_send_4bits@ret                       cstackCOMRAM 000061
led_initialize@F3061                     bssCOMRAM    000055
led_turn_off@F3071                       bssCOMRAM    000053
led_turn_on@F3066                        bssCOMRAM    000054
led_turn_toggle@F3076                    bssCOMRAM    000052
relay_intialize@F3055                    bssCOMRAM    000051
relay_turn_off@F3065                     bssCOMRAM    00004F
relay_turn_on@F3060                      bssCOMRAM    000050
stackhi                                  (abs)        000000
stacklo                                  (abs)        000000
start                                    init         00000E
start_initialization                     cinit        00175E
ttemp5                                   temp         00006D
ttemp6                                   temp         000070
ttemp7                                   temp         000074
wtemp8                                   temp         00006D


MODULE INFORMATION

Module		Function		Class		Link	Load	Size
ECU_Layer/Chr_LCD/ecu_chr_lcd.c
		_lcd_4bit_send_command		CODE           	16B4	0000	90
		_lcd_send_4bits		CODE           	170E	0000	80
		_lcd_8bits_send_enable_segnal		CODE           	1876	0000	36
		_lcd_8bit_initialize		CODE           	13FE	0000	246
		_lcd_4bits_send_enable_segnal		CODE           	189A	0000	36
		_lcd_8bit_send_command		CODE           	15EA	0000	110
		_lcd_4bit_initialize		CODE           	14F4	0000	246

ECU_Layer/Chr_LCD/ecu_chr_lcd.c estimated size: 844

shared
		__initialization		CODE           	175E	0000	44
		_btn_vlaues    		SMALLCONST     	1001	0000	16

shared estimated size: 60

MCAL_Layer/Interrupt/mcal_external_interrupt.c
		_RB4_ISR       		CODE           	184A	0000	44
		_RB5_ISR       		CODE           	181E	0000	44
		_RB6_ISR       		CODE           	17F2	0000	44
		_RB7_ISR       		CODE           	17C6	0000	44
		_INT0_ISR      		CODE           	18EE	0000	4
		_INT1_ISR      		CODE           	18EA	0000	4
		_INT2_ISR      		CODE           	18E6	0000	4

MCAL_Layer/Interrupt/mcal_external_interrupt.c estimated size: 188

MCAL_Layer/Interrupt/mcal_interrupt_manager.c
		_InterruptMangaerHigh		CODE           	0008	0000	464

MCAL_Layer/Interrupt/mcal_interrupt_manager.c estimated size: 464

MCAL_Layer/GPIO/hal_gpio.c
		_gpio_pin_write_logic		CODE           	12F0	0000	270
		_gpio_pin_intialize		CODE           	1658	0000	92
		_gpio_pin_direction_intialize		CODE           	11E0	0000	272

MCAL_Layer/GPIO/hal_gpio.c estimated size: 634

ECU_Layer/ecu_layer_init.c
		_ecu_layer_initialize		CODE           	18BE	0000	22

ECU_Layer/ecu_layer_init.c estimated size: 22

application.c
		_application_initializetion		CODE           	18E0	0000	6
		_main          		CODE           	18D4	0000	12

application.c estimated size: 18

